// Jest Snapshot v1, https://goo.gl/fbAQLP

exports[`e2e/__tmp__/sample-01 should create proper files 1`] = `Array []`;

exports[`e2e/__tmp__/sample-02 should create proper files 1`] = `Array []`;
